PASS server/tests/index_api.test.js
  API Action Route Logic
    action dispatch — known actions
      √ action "income-stats" 应为已知路由 (1 ms)
      √ action "income-rank" 应为已知路由
      √ action "filter-stats" 应为已知路由
      √ action "filter-leagues" 应为已知路由
      √ action "hit-rate" 应为已知路由
      √ action "match-list" 应为已知路由 (1 ms)
      √ action "match-detail" 应为已知路由
      √ action "recommend-trend" 应为已知路由
      √ action "score-plan-list" 应为已知路由
      √ action "quant-plan-list" 应为已知路由
      √ action "prediction-backtest" 应为已知路由
      √ action "gongshoudao-all" 应为已知路由 (1 ms)
      √ action "gongshoudao-compute" 应为已知路由
      √ action "gongshoudao-single" 应为已知路由
    API 响应格式规范
      √ 成功响应应包含 code:1
      √ 失败响应应包含 code:0 和 message
      √ 未知 action 应返回 code:0
    参数验证规则
      √ date 格式应为 YYYY-MM-DD (1 ms)
      √ matchId 应为非空字符串
      √ page 应为正整数
      √ pageSize 应有上限
    quant-plan-list action
      √ plan-generator 应导出核心函数 (136 ms)
      √ 量化方案应包含 isMatchWon/isMatchLose 字段 (1 ms)
    prediction-backtest action
      √ prediction_log 应导出 queryBacktest (71 ms)
      √ 应支持 type 参数(spf/overunder/score)
    gongshoudao-related actions
      √ gongshoudao index 应导出 refreshCache 和 computeAll (218 ms)
    match-detail action
      √ match-detail 应需要 matchId 参数

Test Suites: 1 passed, 1 total
Tests:       27 passed, 27 total
Snapshots:   0 total
Time:        1.07 s, estimated 2 s
Ran all test suites matching /server\\tests\\index_api/i.
Force exiting Jest: Have you considered using `--detectOpenHandles` to detect async operations that kept running after all tests finished?
